2026-06-26 12:47:14 [INFO] __main__ - ============================================================
2026-06-26 12:47:14 [INFO] __main__ - SYNC MANAGER - STARTING
2026-06-26 12:47:14 [INFO] __main__ - ============================================================
2026-06-26 12:47:14 [INFO] __main__ - Loading configuration...
2026-06-26 12:47:14 [ERROR] __main__ - Unhandled error: Configuration file not found: config/config.json
Traceback (most recent call last):
  File "/home/kernelsipc/Bureau/unistudious_local/sync_data_local_server/sync/sync_manager.py", line 494, in <module>
    settings = get_settings("config/config.json")
  File "/home/kernelsipc/Bureau/unistudious_local/sync_data_local_server/config/settings.py", line 124, in get_settings
    _settings_instance = Settings(config_path)
  File "/home/kernelsipc/Bureau/unistudious_local/sync_data_local_server/config/settings.py", line 13, in __init__
    self.config = self._load_config()
  File "/home/kernelsipc/Bureau/unistudious_local/sync_data_local_server/config/settings.py", line 19, in _load_config
    raise FileNotFoundError(f"Configuration file not found: {self.config_path}")
FileNotFoundError: Configuration file not found: config/config.json
2026-06-26 12:47:28 [INFO] __main__ - ============================================================
2026-06-26 12:47:28 [INFO] __main__ - SYNC MANAGER - STARTING
2026-06-26 12:47:28 [INFO] __main__ - ============================================================
2026-06-26 12:47:28 [INFO] __main__ - Loading configuration...
2026-06-26 12:47:28 [ERROR] __main__ - Unhandled error: Configuration file not found: config/config.json
Traceback (most recent call last):
  File "/home/kernelsipc/Bureau/unistudious_local/sync_data_local_server/sync/sync_manager.py", line 494, in <module>
    settings = get_settings("config/config.json")
  File "/home/kernelsipc/Bureau/unistudious_local/sync_data_local_server/config/settings.py", line 124, in get_settings
    _settings_instance = Settings(config_path)
  File "/home/kernelsipc/Bureau/unistudious_local/sync_data_local_server/config/settings.py", line 13, in __init__
    self.config = self._load_config()
  File "/home/kernelsipc/Bureau/unistudious_local/sync_data_local_server/config/settings.py", line 19, in _load_config
    raise FileNotFoundError(f"Configuration file not found: {self.config_path}")
FileNotFoundError: Configuration file not found: config/config.json
